---
source: crates/compiler-test/src/lexer.rs
expression: token
---
Token {
    lexeme: "[This is a good example.]",
    ty: Comment,
    span: Span {
        start: 0,
        end: 24,
    },
}
