---
source: crates/compiler-test/src/lexer.rs
expression: token
---
[
    Token {
        lexeme: "fun",
        ty: FuncDecl,
        span: Span {
            start: 0,
            end: 2,
        },
    },
    Token {
        lexeme: "plus",
        ty: Identifier,
        span: Span {
            start: 4,
            end: 7,
        },
    },
    Token {
        lexeme: "nat",
        ty: NatDecl,
        span: Span {
            start: 9,
            end: 11,
        },
    },
    Token {
        lexeme: "x",
        ty: Identifier,
        span: Span {
            start: 13,
            end: 13,
        },
    },
    Token {
        lexeme: "nat",
        ty: NatDecl,
        span: Span {
            start: 15,
            end: 17,
        },
    },
    Token {
        lexeme: "y",
        ty: Identifier,
        span: Span {
            start: 19,
            end: 19,
        },
    },
    Token {
        lexeme: "->",
        ty: Arrow,
        span: Span {
            start: 21,
            end: 22,
        },
    },
    Token {
        lexeme: "T",
        ty: BoolLit,
        span: Span {
            start: 24,
            end: 24,
        },
    },
    Token {
        lexeme: "?",
        ty: QuestionMark,
        span: Span {
            start: 26,
            end: 26,
        },
    },
    Token {
        lexeme: "x",
        ty: Identifier,
        span: Span {
            start: 28,
            end: 28,
        },
    },
    Token {
        lexeme: "+",
        ty: Plus,
        span: Span {
            start: 30,
            end: 30,
        },
    },
    Token {
        lexeme: "y",
        ty: Identifier,
        span: Span {
            start: 32,
            end: 32,
        },
    },
    Token {
        lexeme: ":",
        ty: Colon,
        span: Span {
            start: 34,
            end: 34,
        },
    },
    Token {
        lexeme: "0",
        ty: NatLit,
        span: Span {
            start: 36,
            end: 36,
        },
    },
    Token {
        lexeme: ";",
        ty: Semicolon,
        span: Span {
            start: 37,
            end: 37,
        },
    },
    Token {
        lexeme: "T",
        ty: BoolLit,
        span: Span {
            start: 39,
            end: 39,
        },
    },
    Token {
        lexeme: "?",
        ty: QuestionMark,
        span: Span {
            start: 41,
            end: 41,
        },
    },
    Token {
        lexeme: "(",
        ty: LeftParen,
        span: Span {
            start: 43,
            end: 43,
        },
    },
    Token {
        lexeme: "plus",
        ty: Identifier,
        span: Span {
            start: 44,
            end: 47,
        },
    },
    Token {
        lexeme: "1",
        ty: NatLit,
        span: Span {
            start: 49,
            end: 49,
        },
    },
    Token {
        lexeme: "4",
        ty: NatLit,
        span: Span {
            start: 51,
            end: 51,
        },
    },
    Token {
        lexeme: "+",
        ty: Plus,
        span: Span {
            start: 52,
            end: 52,
        },
    },
    Token {
        lexeme: "2",
        ty: NatLit,
        span: Span {
            start: 53,
            end: 53,
        },
    },
    Token {
        lexeme: ")",
        ty: RightParen,
        span: Span {
            start: 54,
            end: 54,
        },
    },
    Token {
        lexeme: ":",
        ty: Colon,
        span: Span {
            start: 56,
            end: 56,
        },
    },
    Token {
        lexeme: "0",
        ty: NatLit,
        span: Span {
            start: 58,
            end: 58,
        },
    },
]
